Archive member included because of file (symbol)

c:/winavr-20100110/bin/../lib/gcc/avr/4.3.3/avr4\libgcc.a(_mulsi3.o)
                              ./Sources/pos_calc.o (__mulsi3)
c:/winavr-20100110/bin/../lib/gcc/avr/4.3.3/avr4\libgcc.a(_udivmodqi4.o)
                              ./Sources/pos_calc.o (__udivmodqi4)
c:/winavr-20100110/bin/../lib/gcc/avr/4.3.3/avr4\libgcc.a(_udivmodhi4.o)
                              ./Sources/pos_calc.o (__udivmodhi4)
c:/winavr-20100110/bin/../lib/gcc/avr/4.3.3/avr4\libgcc.a(_divmodhi4.o)
                              ./Sources/pos_calc.o (__divmodhi4)
c:/winavr-20100110/bin/../lib/gcc/avr/4.3.3/avr4\libgcc.a(_udivmodsi4.o)
                              ./Sources/pos_calc.o (__udivmodsi4)
c:/winavr-20100110/bin/../lib/gcc/avr/4.3.3/avr4\libgcc.a(_divmodsi4.o)
                              ./Sources/pos_calc.o (__divmodsi4)
c:/winavr-20100110/bin/../lib/gcc/avr/4.3.3/avr4\libgcc.a(_exit.o)
                              c:/winavr-20100110/bin/../lib/gcc/avr/4.3.3/../../../../avr/lib/avr4/crtm8.o (exit)
c:/winavr-20100110/bin/../lib/gcc/avr/4.3.3/avr4\libgcc.a(_copy_data.o)
                              ./Sources/ADC_SPI.o (__do_copy_data)
c:/winavr-20100110/bin/../lib/gcc/avr/4.3.3/avr4\libgcc.a(_clear_bss.o)
                              ./Sources/pos_calc.o (__do_clear_bss)
c:/winavr-20100110/bin/../lib/gcc/avr/4.3.3/../../../../avr/lib/avr4\libc.a(itoa.o)
                              ./Sources/pos_calc.o (itoa)
c:/winavr-20100110/bin/../lib/gcc/avr/4.3.3/../../../../avr/lib/avr4\libc.a(ltoa.o)
                              ./MYUART/myuart.o (ltoa)
c:/winavr-20100110/bin/../lib/gcc/avr/4.3.3/../../../../avr/lib/avr4\libc.a(strrev.o)
                              c:/winavr-20100110/bin/../lib/gcc/avr/4.3.3/../../../../avr/lib/avr4\libc.a(itoa.o) (strrev)

Allocating common symbols
Common symbol       size              file

charToSend          0x17              ./main.o
DataGyro            0x6               ./main.o
DataAcc             0x6               ./main.o

Memory Configuration

Name             Origin             Length             Attributes
text             0x00000000         0x00002000         xr
data             0x00800060         0x0000ffa0         rw !x
eeprom           0x00810000         0x00010000         rw !x
fuse             0x00820000         0x00000400         rw !x
lock             0x00830000         0x00000400         rw !x
signature        0x00840000         0x00000400         rw !x
*default*        0x00000000         0xffffffff

Linker script and memory map

LOAD c:/winavr-20100110/bin/../lib/gcc/avr/4.3.3/../../../../avr/lib/avr4/crtm8.o
LOAD ./Sources/ADC_SPI.o
LOAD ./Sources/pos_calc.o
LOAD ./MYUART/myuart.o
LOAD ./main.o
LOAD c:/winavr-20100110/bin/../lib/gcc/avr/4.3.3/avr4\libgcc.a
LOAD c:/winavr-20100110/bin/../lib/gcc/avr/4.3.3/../../../../avr/lib/avr4\libc.a
LOAD c:/winavr-20100110/bin/../lib/gcc/avr/4.3.3/avr4\libgcc.a

.hash
 *(.hash)

.dynsym
 *(.dynsym)

.dynstr
 *(.dynstr)

.gnu.version
 *(.gnu.version)

.gnu.version_d
 *(.gnu.version_d)

.gnu.version_r
 *(.gnu.version_r)

.rel.init
 *(.rel.init)

.rela.init
 *(.rela.init)

.rel.text
 *(.rel.text)
 *(.rel.text.*)
 *(.rel.gnu.linkonce.t*)

.rela.text
 *(.rela.text)
 *(.rela.text.*)
 *(.rela.gnu.linkonce.t*)

.rel.fini
 *(.rel.fini)

.rela.fini
 *(.rela.fini)

.rel.rodata
 *(.rel.rodata)
 *(.rel.rodata.*)
 *(.rel.gnu.linkonce.r*)

.rela.rodata
 *(.rela.rodata)
 *(.rela.rodata.*)
 *(.rela.gnu.linkonce.r*)

.rel.data
 *(.rel.data)
 *(.rel.data.*)
 *(.rel.gnu.linkonce.d*)

.rela.data
 *(.rela.data)
 *(.rela.data.*)
 *(.rela.gnu.linkonce.d*)

.rel.ctors
 *(.rel.ctors)

.rela.ctors
 *(.rela.ctors)

.rel.dtors
 *(.rel.dtors)

.rela.dtors
 *(.rela.dtors)

.rel.got
 *(.rel.got)

.rela.got
 *(.rela.got)

.rel.bss
 *(.rel.bss)

.rela.bss
 *(.rela.bss)

.rel.plt
 *(.rel.plt)

.rela.plt
 *(.rela.plt)

.text           0x00000000     0x123c
 *(.vectors)
 .vectors       0x00000000       0x26 c:/winavr-20100110/bin/../lib/gcc/avr/4.3.3/../../../../avr/lib/avr4/crtm8.o
                0x00000000                __vectors
                0x00000000                __vector_default
 *(.vectors)
 *(.progmem.gcc*)
 *(.progmem*)
                0x00000026                . = ALIGN (0x2)
                0x00000026                __trampolines_start = .
 *(.trampolines)
 .trampolines   0x00000026        0x0 linker stubs
 *(.trampolines*)
                0x00000026                __trampolines_end = .
 *(.jumptables)
 *(.jumptables*)
 *(.lowtext)
 *(.lowtext*)
                0x00000026                __ctors_start = .
 *(.ctors)
                0x00000026                __ctors_end = .
                0x00000026                __dtors_start = .
 *(.dtors)
                0x00000026                __dtors_end = .
 SORT(*)(.ctors)
 SORT(*)(.dtors)
 *(.init0)
 .init0         0x00000026        0x0 c:/winavr-20100110/bin/../lib/gcc/avr/4.3.3/../../../../avr/lib/avr4/crtm8.o
                0x00000026                __init
 *(.init0)
 *(.init1)
 *(.init1)
 *(.init2)
 .init2         0x00000026        0xc c:/winavr-20100110/bin/../lib/gcc/avr/4.3.3/../../../../avr/lib/avr4/crtm8.o
 *(.init2)
 *(.init3)
 *(.init3)
 *(.init4)
 .init4         0x00000032       0x16 c:/winavr-20100110/bin/../lib/gcc/avr/4.3.3/avr4\libgcc.a(_copy_data.o)
                0x00000032                __do_copy_data
 .init4         0x00000048       0x10 c:/winavr-20100110/bin/../lib/gcc/avr/4.3.3/avr4\libgcc.a(_clear_bss.o)
                0x00000048                __do_clear_bss
 *(.init4)
 *(.init5)
 *(.init5)
 *(.init6)
 *(.init6)
 *(.init7)
 *(.init7)
 *(.init8)
 *(.init8)
 *(.init9)
 .init9         0x00000058        0x4 c:/winavr-20100110/bin/../lib/gcc/avr/4.3.3/../../../../avr/lib/avr4/crtm8.o
 *(.init9)
 *(.text)
 .text          0x0000005c        0x2 c:/winavr-20100110/bin/../lib/gcc/avr/4.3.3/../../../../avr/lib/avr4/crtm8.o
                0x0000005c                __vector_1
                0x0000005c                __vector_12
                0x0000005c                __bad_interrupt
                0x0000005c                __vector_6
                0x0000005c                __vector_3
                0x0000005c                __vector_11
                0x0000005c                __vector_13
                0x0000005c                __vector_17
                0x0000005c                __vector_7
                0x0000005c                __vector_5
                0x0000005c                __vector_4
                0x0000005c                __vector_2
                0x0000005c                __vector_15
                0x0000005c                __vector_8
                0x0000005c                __vector_14
                0x0000005c                __vector_10
                0x0000005c                __vector_16
                0x0000005c                __vector_18
 .text          0x0000005e        0x0 ./Sources/ADC_SPI.o
 .text          0x0000005e        0x0 ./Sources/pos_calc.o
 .text          0x0000005e        0x0 ./MYUART/myuart.o
 .text          0x0000005e        0x0 ./main.o
 .text          0x0000005e        0x0 c:/winavr-20100110/bin/../lib/gcc/avr/4.3.3/avr4\libgcc.a(_mulsi3.o)
 .text          0x0000005e        0x0 c:/winavr-20100110/bin/../lib/gcc/avr/4.3.3/avr4\libgcc.a(_udivmodqi4.o)
 .text          0x0000005e        0x0 c:/winavr-20100110/bin/../lib/gcc/avr/4.3.3/avr4\libgcc.a(_udivmodhi4.o)
 .text          0x0000005e        0x0 c:/winavr-20100110/bin/../lib/gcc/avr/4.3.3/avr4\libgcc.a(_divmodhi4.o)
 .text          0x0000005e        0x0 c:/winavr-20100110/bin/../lib/gcc/avr/4.3.3/avr4\libgcc.a(_udivmodsi4.o)
 .text          0x0000005e        0x0 c:/winavr-20100110/bin/../lib/gcc/avr/4.3.3/avr4\libgcc.a(_divmodsi4.o)
 .text          0x0000005e        0x0 c:/winavr-20100110/bin/../lib/gcc/avr/4.3.3/avr4\libgcc.a(_exit.o)
 .text          0x0000005e        0x0 c:/winavr-20100110/bin/../lib/gcc/avr/4.3.3/avr4\libgcc.a(_copy_data.o)
 .text          0x0000005e        0x0 c:/winavr-20100110/bin/../lib/gcc/avr/4.3.3/avr4\libgcc.a(_clear_bss.o)
 .text          0x0000005e        0x0 c:/winavr-20100110/bin/../lib/gcc/avr/4.3.3/../../../../avr/lib/avr4\libc.a(itoa.o)
 .text          0x0000005e        0x0 c:/winavr-20100110/bin/../lib/gcc/avr/4.3.3/../../../../avr/lib/avr4\libc.a(ltoa.o)
 .text          0x0000005e        0x0 c:/winavr-20100110/bin/../lib/gcc/avr/4.3.3/../../../../avr/lib/avr4\libc.a(strrev.o)
                0x0000005e                . = ALIGN (0x2)
 *(.text.*)
 .text.sendSPI  0x0000005e        0x8 ./Sources/ADC_SPI.o
                0x0000005e                sendSPI
 .text.getSPI   0x00000066        0x8 ./Sources/ADC_SPI.o
                0x00000066                getSPI
 .text.getPositionDataGyro
                0x0000006e       0xa4 ./Sources/ADC_SPI.o
                0x0000006e                getPositionDataGyro
 .text.getPositionDataACC
                0x00000112       0xba ./Sources/ADC_SPI.o
                0x00000112                getPositionDataACC
 .text.initADC  0x000001cc        0xe ./Sources/ADC_SPI.o
                0x000001cc                initADC
 .text.getAdcScrollData
                0x000001da        0xe ./Sources/ADC_SPI.o
                0x000001da                getAdcScrollData
 .text.initSPI  0x000001e8       0x8c ./Sources/ADC_SPI.o
                0x000001e8                initSPI
 .text.initClickPins
                0x00000274        0x8 ./Sources/pos_calc.o
                0x00000274                initClickPins
 .text.POW      0x0000027c       0x28 ./Sources/pos_calc.o
                0x0000027c                POW
 .text.rotateCoordinate
                0x000002a4      0x13c ./Sources/pos_calc.o
                0x000002a4                rotateCoordinate
 .text.adcScrollProcessing
                0x000003e0       0x90 ./Sources/pos_calc.o
                0x000003e0                adcScrollProcessing
 .text.gyroCalibration
                0x00000470      0x1b8 ./Sources/pos_calc.o
                0x00000470                gyroCalibration
 .text.fillDataToSend
                0x00000628      0x3be ./Sources/pos_calc.o
                0x00000628                fillDataToSend
 .text.fillHandPos
                0x000009e6      0x496 ./Sources/pos_calc.o
                0x000009e6                fillHandPos
 .text.uart_init
                0x00000e7c       0x10 ./MYUART/myuart.o
                0x00000e7c                uart_init
 .text.uart_putc
                0x00000e8c        0x8 ./MYUART/myuart.o
                0x00000e8c                uart_putc
 .text.uart_puts
                0x00000e94       0x18 ./MYUART/myuart.o
                0x00000e94                uart_puts
 .text.uart_puts_P
                0x00000eac       0x18 ./MYUART/myuart.o
                0x00000eac                uart_puts_P
 .text.timer_init
                0x00000ec4        0xe ./MYUART/myuart.o
                0x00000ec4                timer_init
 .text.uart_putlong
                0x00000ed2       0x52 ./MYUART/myuart.o
                0x00000ed2                uart_putlong
 .text.__vector_9
                0x00000f24      0x106 ./main.o
                0x00000f24                __vector_9
 .text.main     0x0000102a       0x2e ./main.o
                0x0000102a                main
 .text.libgcc   0x00001058       0x3e c:/winavr-20100110/bin/../lib/gcc/avr/4.3.3/avr4\libgcc.a(_mulsi3.o)
                0x00001058                __mulsi3
 .text.libgcc   0x00001096       0x18 c:/winavr-20100110/bin/../lib/gcc/avr/4.3.3/avr4\libgcc.a(_udivmodqi4.o)
                0x00001096                __udivmodqi4
 .text.libgcc   0x000010ae       0x28 c:/winavr-20100110/bin/../lib/gcc/avr/4.3.3/avr4\libgcc.a(_udivmodhi4.o)
                0x000010ae                __udivmodhi4
 .text.libgcc   0x000010d6       0x26 c:/winavr-20100110/bin/../lib/gcc/avr/4.3.3/avr4\libgcc.a(_divmodhi4.o)
                0x000010d6                __divmodhi4
                0x000010d6                _div
 .text.libgcc   0x000010fc       0x44 c:/winavr-20100110/bin/../lib/gcc/avr/4.3.3/avr4\libgcc.a(_udivmodsi4.o)
                0x000010fc                __udivmodsi4
 .text.libgcc   0x00001140       0x36 c:/winavr-20100110/bin/../lib/gcc/avr/4.3.3/avr4\libgcc.a(_divmodsi4.o)
                0x00001140                __divmodsi4
 .text.libgcc   0x00001176        0x0 c:/winavr-20100110/bin/../lib/gcc/avr/4.3.3/avr4\libgcc.a(_exit.o)
 .text.libgcc   0x00001176        0x0 c:/winavr-20100110/bin/../lib/gcc/avr/4.3.3/avr4\libgcc.a(_copy_data.o)
 .text.libgcc   0x00001176        0x0 c:/winavr-20100110/bin/../lib/gcc/avr/4.3.3/avr4\libgcc.a(_clear_bss.o)
 .text.avr-libc
                0x00001176       0x3e c:/winavr-20100110/bin/../lib/gcc/avr/4.3.3/../../../../avr/lib/avr4\libc.a(itoa.o)
                0x00001176                itoa
 .text.avr-libc
                0x000011b4       0x64 c:/winavr-20100110/bin/../lib/gcc/avr/4.3.3/../../../../avr/lib/avr4\libc.a(ltoa.o)
                0x000011b4                ltoa
 .text.avr-libc
                0x00001218       0x20 c:/winavr-20100110/bin/../lib/gcc/avr/4.3.3/../../../../avr/lib/avr4\libc.a(strrev.o)
                0x00001218                strrev
                0x00001238                . = ALIGN (0x2)
 *(.fini9)
 .fini9         0x00001238        0x0 c:/winavr-20100110/bin/../lib/gcc/avr/4.3.3/avr4\libgcc.a(_exit.o)
                0x00001238                exit
                0x00001238                _exit
 *(.fini9)
 *(.fini8)
 *(.fini8)
 *(.fini7)
 *(.fini7)
 *(.fini6)
 *(.fini6)
 *(.fini5)
 *(.fini5)
 *(.fini4)
 *(.fini4)
 *(.fini3)
 *(.fini3)
 *(.fini2)
 *(.fini2)
 *(.fini1)
 *(.fini1)
 *(.fini0)
 .fini0         0x00001238        0x4 c:/winavr-20100110/bin/../lib/gcc/avr/4.3.3/avr4\libgcc.a(_exit.o)
 *(.fini0)
                0x0000123c                _etext = .

.data           0x00800060       0x8e load address 0x0000123c
                0x00800060                PROVIDE (__data_start, .)
 *(.data)
 .data          0x00800060        0x0 c:/winavr-20100110/bin/../lib/gcc/avr/4.3.3/../../../../avr/lib/avr4/crtm8.o
 .data          0x00800060        0x2 ./Sources/ADC_SPI.o
 .data          0x00800062       0x52 ./Sources/pos_calc.o
 .data          0x008000b4        0x0 ./MYUART/myuart.o
 .data          0x008000b4       0x12 ./main.o
 .data          0x008000c6        0x0 c:/winavr-20100110/bin/../lib/gcc/avr/4.3.3/avr4\libgcc.a(_mulsi3.o)
 .data          0x008000c6        0x0 c:/winavr-20100110/bin/../lib/gcc/avr/4.3.3/avr4\libgcc.a(_udivmodqi4.o)
 .data          0x008000c6        0x0 c:/winavr-20100110/bin/../lib/gcc/avr/4.3.3/avr4\libgcc.a(_udivmodhi4.o)
 .data          0x008000c6        0x0 c:/winavr-20100110/bin/../lib/gcc/avr/4.3.3/avr4\libgcc.a(_divmodhi4.o)
 .data          0x008000c6        0x0 c:/winavr-20100110/bin/../lib/gcc/avr/4.3.3/avr4\libgcc.a(_udivmodsi4.o)
 .data          0x008000c6        0x0 c:/winavr-20100110/bin/../lib/gcc/avr/4.3.3/avr4\libgcc.a(_divmodsi4.o)
 .data          0x008000c6        0x0 c:/winavr-20100110/bin/../lib/gcc/avr/4.3.3/avr4\libgcc.a(_exit.o)
 .data          0x008000c6        0x0 c:/winavr-20100110/bin/../lib/gcc/avr/4.3.3/avr4\libgcc.a(_copy_data.o)
 .data          0x008000c6        0x0 c:/winavr-20100110/bin/../lib/gcc/avr/4.3.3/avr4\libgcc.a(_clear_bss.o)
 .data          0x008000c6        0x0 c:/winavr-20100110/bin/../lib/gcc/avr/4.3.3/../../../../avr/lib/avr4\libc.a(itoa.o)
 .data          0x008000c6        0x0 c:/winavr-20100110/bin/../lib/gcc/avr/4.3.3/../../../../avr/lib/avr4\libc.a(ltoa.o)
 .data          0x008000c6        0x0 c:/winavr-20100110/bin/../lib/gcc/avr/4.3.3/../../../../avr/lib/avr4\libc.a(strrev.o)
 *(.data*)
 .data.AccSettings
                0x008000c6        0x1 ./Sources/ADC_SPI.o
                0x008000c6                AccSettings
 .data.sendToGyro
                0x008000c7        0xa ./Sources/ADC_SPI.o
                0x008000c7                sendToGyro
 .data.pSendSPI
                0x008000d1       0x14 ./Sources/ADC_SPI.o
                0x008000d1                pSendSPI
 *(.rodata)
 *(.rodata*)
 .rodata.posX_coefficient
                0x008000e5        0x4 ./Sources/pos_calc.o
                0x008000e5                posX_coefficient
 .rodata.posZ_coefficient
                0x008000e9        0x4 ./Sources/pos_calc.o
                0x008000e9                posZ_coefficient
 *(.gnu.linkonce.d*)
                0x008000ee                . = ALIGN (0x2)
 *fill*         0x008000ed        0x1 00
                0x008000ee                _edata = .
                0x008000ee                PROVIDE (__data_end, .)

.bss            0x008000ee       0x25
                0x008000ee                PROVIDE (__bss_start, .)
 *(.bss)
 .bss           0x008000ee        0x0 c:/winavr-20100110/bin/../lib/gcc/avr/4.3.3/../../../../avr/lib/avr4/crtm8.o
 .bss           0x008000ee        0x0 ./Sources/ADC_SPI.o
 .bss           0x008000ee        0x0 ./Sources/pos_calc.o
 .bss           0x008000ee        0x0 ./MYUART/myuart.o
 .bss           0x008000ee        0x0 ./main.o
 .bss           0x008000ee        0x0 c:/winavr-20100110/bin/../lib/gcc/avr/4.3.3/avr4\libgcc.a(_mulsi3.o)
 .bss           0x008000ee        0x0 c:/winavr-20100110/bin/../lib/gcc/avr/4.3.3/avr4\libgcc.a(_udivmodqi4.o)
 .bss           0x008000ee        0x0 c:/winavr-20100110/bin/../lib/gcc/avr/4.3.3/avr4\libgcc.a(_udivmodhi4.o)
 .bss           0x008000ee        0x0 c:/winavr-20100110/bin/../lib/gcc/avr/4.3.3/avr4\libgcc.a(_divmodhi4.o)
 .bss           0x008000ee        0x0 c:/winavr-20100110/bin/../lib/gcc/avr/4.3.3/avr4\libgcc.a(_udivmodsi4.o)
 .bss           0x008000ee        0x0 c:/winavr-20100110/bin/../lib/gcc/avr/4.3.3/avr4\libgcc.a(_divmodsi4.o)
 .bss           0x008000ee        0x0 c:/winavr-20100110/bin/../lib/gcc/avr/4.3.3/avr4\libgcc.a(_exit.o)
 .bss           0x008000ee        0x0 c:/winavr-20100110/bin/../lib/gcc/avr/4.3.3/avr4\libgcc.a(_copy_data.o)
 .bss           0x008000ee        0x0 c:/winavr-20100110/bin/../lib/gcc/avr/4.3.3/avr4\libgcc.a(_clear_bss.o)
 .bss           0x008000ee        0x0 c:/winavr-20100110/bin/../lib/gcc/avr/4.3.3/../../../../avr/lib/avr4\libc.a(itoa.o)
 .bss           0x008000ee        0x0 c:/winavr-20100110/bin/../lib/gcc/avr/4.3.3/../../../../avr/lib/avr4\libc.a(ltoa.o)
 .bss           0x008000ee        0x0 c:/winavr-20100110/bin/../lib/gcc/avr/4.3.3/../../../../avr/lib/avr4\libc.a(strrev.o)
 *(.bss*)
 .bss.hand      0x008000ee        0x2 ./main.o
                0x008000ee                hand
 *(COMMON)
 COMMON         0x008000f0       0x23 ./main.o
                0x008000f0                charToSend
                0x00800107                DataGyro
                0x0080010d                DataAcc
                0x00800113                PROVIDE (__bss_end, .)
                0x0000123c                __data_load_start = LOADADDR (.data)
                0x000012ca                __data_load_end = (__data_load_start + SIZEOF (.data))

.noinit         0x00800113        0x0
                0x00800113                PROVIDE (__noinit_start, .)
 *(.noinit*)
                0x00800113                PROVIDE (__noinit_end, .)
                0x00800113                _end = .
                0x00800113                PROVIDE (__heap_start, .)

.eeprom         0x00810000        0x0
 *(.eeprom*)
                0x00810000                __eeprom_end = .

.fuse
 *(.fuse)
 *(.lfuse)
 *(.hfuse)
 *(.efuse)

.lock
 *(.lock*)

.signature
 *(.signature*)

.stab
 *(.stab)

.stabstr
 *(.stabstr)

.stab.excl
 *(.stab.excl)

.stab.exclstr
 *(.stab.exclstr)

.stab.index
 *(.stab.index)

.stab.indexstr
 *(.stab.indexstr)

.comment
 *(.comment)

.debug
 *(.debug)

.line
 *(.line)

.debug_srcinfo
 *(.debug_srcinfo)

.debug_sfnames
 *(.debug_sfnames)

.debug_aranges
 *(.debug_aranges)

.debug_pubnames
 *(.debug_pubnames)

.debug_info
 *(.debug_info)
 *(.gnu.linkonce.wi.*)

.debug_abbrev
 *(.debug_abbrev)

.debug_line
 *(.debug_line)

.debug_frame
 *(.debug_frame)

.debug_str
 *(.debug_str)

.debug_loc
 *(.debug_loc)

.debug_macinfo
 *(.debug_macinfo)
OUTPUT(EGlove_Mikro.elf elf32-avr)
LOAD linker stubs
